2026-02-02 14:58:50,581 - INFO - First run. Setting historyId to 5404
2026-02-02 14:58:54,955 - INFO - Gmail Watcher starting...
2026-02-02 14:58:54,955 - INFO - Gmail Watcher starting...
2026-02-02 14:58:54,956 - INFO - Watching for emails from: ['wfmckie@gmail.com']
2026-02-02 14:58:54,956 - INFO - Watching for emails from: ['wfmckie@gmail.com']
2026-02-02 14:58:54,956 - INFO - Poll interval: 60s
2026-02-02 14:58:54,956 - INFO - Poll interval: 60s
2026-02-02 15:04:56,338 - INFO - Found 1 new message(s)
2026-02-02 15:04:56,338 - INFO - Found 1 new message(s)
2026-02-02 15:04:56,538 - INFO - Watched email: test if the new gmail watch system works from Finn M <wfmckie@gmail.com>
2026-02-02 15:04:56,538 - INFO - Watched email: test if the new gmail watch system works from Finn M <wfmckie@gmail.com>
2026-02-02 15:04:56,539 - ERROR - Failed to send notification: [Errno 2] No such file or directory: 'clawdbot'
2026-02-02 15:04:56,539 - ERROR - Failed to send notification: [Errno 2] No such file or directory: 'clawdbot'
2026-02-02 15:12:57,771 - INFO - Refreshing credentials due to a 401 response. Attempt 1/2.
2026-02-02 15:12:57,771 - INFO - Refreshing credentials due to a 401 response. Attempt 1/2.
2026-02-02 18:30:33,368 - INFO - Found 1 new message(s)
2026-02-02 18:30:33,368 - INFO - Found 1 new message(s)
2026-02-02 18:33:34,074 - INFO - Found 1 new message(s)
2026-02-02 18:33:34,074 - INFO - Found 1 new message(s)
2026-02-02 20:24:54,088 - INFO - Found 1 new message(s)
2026-02-02 20:24:54,088 - INFO - Found 1 new message(s)
2026-02-02 20:30:55,440 - INFO - Found 1 new message(s)
2026-02-02 20:30:55,440 - INFO - Found 1 new message(s)
2026-02-02 22:17:15,157 - INFO - Found 1 new message(s)
2026-02-02 22:17:15,157 - INFO - Found 1 new message(s)
2026-02-03 09:01:09,772 - INFO - Found 1 new message(s)
2026-02-03 09:01:09,772 - INFO - Found 1 new message(s)
2026-02-03 12:09:43,726 - INFO - Found 1 new message(s)
2026-02-03 12:09:43,726 - INFO - Found 1 new message(s)
2026-02-03 12:09:43,903 - INFO - Watched email: week 2 pdfs - ML from Finn M <wfmckie@gmail.com>
2026-02-03 12:09:43,903 - INFO - Watched email: week 2 pdfs - ML from Finn M <wfmckie@gmail.com>
2026-02-03 12:09:43,904 - ERROR - Failed to send notification: [Errno 2] No such file or directory: 'clawdbot'
2026-02-03 12:09:43,904 - ERROR - Failed to send notification: [Errno 2] No such file or directory: 'clawdbot'
2026-02-03 12:10:44,159 - INFO - Found 1 new message(s)
2026-02-03 12:10:44,159 - INFO - Found 1 new message(s)
2026-02-03 13:24:57,665 - INFO - Found 1 new message(s)
2026-02-03 13:24:57,665 - INFO - Found 1 new message(s)
2026-02-03 13:24:57,847 - INFO - Watched email: python week 2 lecture and lab from Finn M <wfmckie@gmail.com>
2026-02-03 13:24:57,847 - INFO - Watched email: python week 2 lecture and lab from Finn M <wfmckie@gmail.com>
2026-02-03 13:24:57,848 - ERROR - Failed to send notification: [Errno 2] No such file or directory: 'clawdbot'
2026-02-03 13:24:57,848 - ERROR - Failed to send notification: [Errno 2] No such file or directory: 'clawdbot'
2026-02-03 13:32:59,283 - INFO - Found 1 new message(s)
2026-02-03 13:32:59,283 - INFO - Found 1 new message(s)
2026-02-03 13:32:59,467 - INFO - Watched email: Ethics week 2 lecturer slides from Finn M <wfmckie@gmail.com>
2026-02-03 13:32:59,467 - INFO - Watched email: Ethics week 2 lecturer slides from Finn M <wfmckie@gmail.com>
2026-02-03 13:32:59,468 - ERROR - Failed to send notification: [Errno 2] No such file or directory: 'clawdbot'
2026-02-03 13:32:59,468 - ERROR - Failed to send notification: [Errno 2] No such file or directory: 'clawdbot'
2026-02-03 13:39:00,610 - INFO - Found 1 new message(s)
2026-02-03 13:39:00,610 - INFO - Found 1 new message(s)
2026-02-03 13:39:00,780 - INFO - Watched email: Ethics written notes for the 2 reading docs from Finn M <wfmckie@gmail.com>
2026-02-03 13:39:00,780 - INFO - Watched email: Ethics written notes for the 2 reading docs from Finn M <wfmckie@gmail.com>
2026-02-03 13:39:00,780 - ERROR - Failed to send notification: [Errno 2] No such file or directory: 'clawdbot'
2026-02-03 13:39:00,780 - ERROR - Failed to send notification: [Errno 2] No such file or directory: 'clawdbot'
2026-02-03 13:51:02,909 - INFO - Found 1 new message(s)
2026-02-03 13:51:02,909 - INFO - Found 1 new message(s)
2026-02-03 13:51:03,080 - INFO - Watched email: Test from Finn M <wfmckie@gmail.com>
2026-02-03 13:51:03,080 - INFO - Watched email: Test from Finn M <wfmckie@gmail.com>
2026-02-03 13:51:03,080 - ERROR - Failed to send notification: [Errno 2] No such file or directory: 'clawdbot'
2026-02-03 13:51:03,080 - ERROR - Failed to send notification: [Errno 2] No such file or directory: 'clawdbot'
2026-02-04 09:02:27,791 - INFO - Found 1 new message(s)
2026-02-04 09:02:27,791 - INFO - Found 1 new message(s)
2026-02-04 12:19:03,322 - INFO - Found 1 new message(s)
2026-02-04 12:19:03,322 - INFO - Found 1 new message(s)
2026-02-04 12:19:03,500 - INFO - Watched email: Statistics - week 2 lecture slides from Finn M <wfmckie@gmail.com>
2026-02-04 12:19:03,500 - INFO - Watched email: Statistics - week 2 lecture slides from Finn M <wfmckie@gmail.com>
2026-02-04 12:19:03,501 - ERROR - Failed to send notification: [Errno 2] No such file or directory: 'clawdbot'
2026-02-04 12:19:03,501 - ERROR - Failed to send notification: [Errno 2] No such file or directory: 'clawdbot'
2026-02-04 13:00:10,929 - INFO - Found 1 new message(s)
2026-02-04 13:00:10,929 - INFO - Found 1 new message(s)
2026-02-04 13:00:11,105 - INFO - Watched email: Stats lab week 2 pdf from Finn M <wfmckie@gmail.com>
2026-02-04 13:00:11,105 - INFO - Watched email: Stats lab week 2 pdf from Finn M <wfmckie@gmail.com>
2026-02-04 13:00:11,106 - ERROR - Failed to send notification: [Errno 2] No such file or directory: 'clawdbot'
2026-02-04 13:00:11,106 - ERROR - Failed to send notification: [Errno 2] No such file or directory: 'clawdbot'
2026-02-04 16:07:44,877 - INFO - Found 1 new message(s)
2026-02-04 16:07:44,877 - INFO - Found 1 new message(s)
2026-02-04 16:35:50,110 - INFO - Found 1 new message(s)
2026-02-04 16:35:50,110 - INFO - Found 1 new message(s)
2026-02-04 16:54:53,829 - INFO - Found 1 new message(s)
2026-02-04 16:54:53,829 - INFO - Found 1 new message(s)
2026-02-04 17:12:57,240 - INFO - Found 1 new message(s)
2026-02-04 17:12:57,240 - INFO - Found 1 new message(s)
2026-02-05 06:42:25,111 - INFO - Gmail Watcher starting...
2026-02-05 06:42:25,111 - INFO - Gmail Watcher starting...
2026-02-05 06:42:25,113 - INFO - Watching for emails from: ['wfmckie@gmail.com']
2026-02-05 06:42:25,113 - INFO - Watching for emails from: ['wfmckie@gmail.com']
2026-02-05 06:42:25,113 - INFO - Poll interval: 60s
2026-02-05 06:42:25,113 - INFO - Poll interval: 60s
2026-02-05 06:42:25,187 - INFO - Refreshing credentials due to a 401 response. Attempt 1/2.
2026-02-05 06:42:25,187 - INFO - Refreshing credentials due to a 401 response. Attempt 1/2.
2026-02-05 09:02:50,143 - INFO - Found 1 new message(s)
2026-02-05 09:02:50,143 - INFO - Found 1 new message(s)
2026-02-05 11:12:13,386 - INFO - Found 1 new message(s)
2026-02-05 11:12:13,386 - INFO - Found 1 new message(s)
2026-02-05 19:42:44,260 - INFO - Found 1 new message(s)
2026-02-05 19:42:44,260 - INFO - Found 1 new message(s)
2026-02-07 06:03:00,389 - INFO - Gmail Watcher starting...
2026-02-07 06:03:00,389 - INFO - Gmail Watcher starting...
2026-02-07 06:03:00,392 - INFO - Watching for emails from: ['wfmckie@gmail.com']
2026-02-07 06:03:00,392 - INFO - Watching for emails from: ['wfmckie@gmail.com']
2026-02-07 06:03:00,392 - INFO - Poll interval: 60s
2026-02-07 06:03:00,392 - INFO - Poll interval: 60s
2026-02-07 06:03:00,458 - INFO - Refreshing credentials due to a 401 response. Attempt 1/2.
2026-02-07 06:03:00,458 - INFO - Refreshing credentials due to a 401 response. Attempt 1/2.
2026-02-07 23:42:09,578 - INFO - Found 1 new message(s)
2026-02-07 23:42:09,578 - INFO - Found 1 new message(s)
2026-02-08 20:51:56,058 - INFO - Found 1 new message(s)
2026-02-08 20:51:56,058 - INFO - Found 1 new message(s)
2026-02-08 21:20:01,222 - INFO - Found 1 new message(s)
2026-02-08 21:20:01,222 - INFO - Found 1 new message(s)
